0 verbose cli /usr/bin/node /usr/bin/npm
1 info using npm@9.2.0
2 info using node@v22.22.1
3 timing npm:load:whichnode Completed in 1ms
4 timing config:load:defaults Completed in 5ms
5 timing config:load:file:/usr/share/nodejs/npm/npmrc Completed in 32ms
6 timing config:load:builtin Completed in 33ms
7 timing config:load:cli Completed in 33ms
8 timing config:load:env Completed in 3ms
9 timing config:load:project Completed in 13ms
10 timing config:load:file:/root/.npmrc Completed in 2ms
11 timing config:load:user Completed in 2ms
12 timing config:load:file:/etc/npmrc Completed in 2ms
13 timing config:load:global Completed in 2ms
14 timing config:load:setEnvs Completed in 3ms
15 timing config:load Completed in 97ms
16 timing npm:load:configload Completed in 98ms
17 timing npm:load:mkdirpcache Completed in 3ms
18 timing npm:load:mkdirplogs Completed in 3ms
19 verbose title npm ls opencode-ai
20 verbose argv "ls" "--global" "opencode-ai"
21 timing npm:load:setTitle Completed in 3ms
22 timing config:load:flatten Completed in 18ms
23 timing npm:load:display Completed in 22ms
24 verbose logfile logs-max:10 dir:/root/.npm/_logs/2026-08-17T15_10_00_267Z-
25 verbose logfile /root/.npm/_logs/2026-08-17T15_10_00_267Z-debug-0.log
26 timing npm:load:logFile Completed in 50ms
27 timing npm:load:timers Completed in 1ms
28 timing npm:load:configScope Completed in 0ms
29 timing npm:load Completed in 186ms
30 timing config:load:flatten Completed in 1ms
31 timing arborist:ctor Completed in 2ms
32 silly logfile done cleaning log files
33 timing command:ls Completed in 171ms
34 verbose exit 0
35 timing npm Completed in 555ms
36 info ok
