0 verbose cli /usr/bin/node /usr/bin/npm
1 info using npm@9.2.0
2 info using node@v22.22.1
3 timing npm:load:whichnode Completed in 1ms
4 timing config:load:defaults Completed in 3ms
5 timing config:load:file:/usr/share/nodejs/npm/npmrc Completed in 14ms
6 timing config:load:builtin Completed in 15ms
7 timing config:load:cli Completed in 6ms
8 timing config:load:env Completed in 1ms
9 timing config:load:project Completed in 16ms
10 timing config:load:file:/root/.npmrc Completed in 1ms
11 timing config:load:user Completed in 1ms
12 timing config:load:file:/etc/npmrc Completed in 1ms
13 timing config:load:global Completed in 2ms
14 timing config:load:setEnvs Completed in 3ms
15 timing config:load Completed in 49ms
16 timing npm:load:configload Completed in 51ms
17 timing npm:load:mkdirpcache Completed in 1ms
18 timing npm:load:mkdirplogs Completed in 0ms
19 verbose title npm install opencode-ai
20 verbose argv "install" "--global" "opencode-ai"
21 timing npm:load:setTitle Completed in 2ms
22 timing config:load:flatten Completed in 7ms
23 timing npm:load:display Completed in 10ms
24 verbose logfile logs-max:10 dir:/root/.npm/_logs/2026-08-17T15_03_10_997Z-
25 verbose logfile /root/.npm/_logs/2026-08-17T15_03_10_997Z-debug-0.log
26 timing npm:load:logFile Completed in 21ms
27 timing npm:load:timers Completed in 1ms
28 timing npm:load:configScope Completed in 0ms
29 timing npm:load Completed in 90ms
30 timing config:load:flatten Completed in 0ms
31 timing arborist:ctor Completed in 2ms
32 silly logfile done cleaning log files
33 timing idealTree:init Completed in 16ms
34 timing idealTree:userRequests Completed in 8ms
35 silly idealTree buildDeps
36 silly fetch manifest opencode-ai@*
37 http fetch GET 200 https://registry.npmjs.org/opencode-ai 3732ms (cache miss)
38 silly placeDep ROOT opencode-ai@1.18.18 OK for:  want: *
39 silly fetch manifest opencode-linux-x64@1.18.18
40 silly fetch manifest opencode-darwin-x64@1.18.18
41 silly fetch manifest opencode-linux-arm64@1.18.18
42 silly fetch manifest opencode-windows-x64@1.18.18
43 silly fetch manifest opencode-darwin-arm64@1.18.18
44 silly fetch manifest opencode-windows-arm64@1.18.18
45 silly fetch manifest opencode-linux-x64-musl@1.18.18
46 silly fetch manifest opencode-linux-arm64-musl@1.18.18
47 silly fetch manifest opencode-linux-x64-baseline@1.18.18
48 silly fetch manifest opencode-darwin-x64-baseline@1.18.18
49 silly fetch manifest opencode-windows-x64-baseline@1.18.18
50 silly fetch manifest opencode-linux-x64-baseline-musl@1.18.18
51 http fetch GET 200 https://registry.npmjs.org/opencode-linux-x64 4921ms (cache miss)
52 http fetch GET 200 https://registry.npmjs.org/opencode-windows-arm64 5795ms (cache miss)
53 http fetch GET 200 https://registry.npmjs.org/opencode-linux-x64-baseline 7676ms (cache miss)
54 http fetch GET 200 https://registry.npmjs.org/opencode-linux-arm64 13942ms (cache miss)
55 http fetch GET 200 https://registry.npmjs.org/opencode-darwin-arm64 14248ms (cache miss)
56 http fetch GET 200 https://registry.npmjs.org/opencode-linux-x64-musl 15092ms (cache miss)
57 http fetch GET 200 https://registry.npmjs.org/opencode-darwin-x64 16101ms (cache miss)
58 http fetch GET 200 https://registry.npmjs.org/opencode-linux-x64-baseline-musl 16531ms (cache miss)
59 http fetch GET 200 https://registry.npmjs.org/opencode-windows-x64 16594ms (cache miss)
60 http fetch GET 200 https://registry.npmjs.org/opencode-linux-arm64-musl 16686ms (cache miss)
61 http fetch GET 200 https://registry.npmjs.org/opencode-darwin-x64-baseline 17270ms (cache miss)
62 http fetch GET 200 https://registry.npmjs.org/opencode-windows-x64-baseline 17768ms (cache miss)
63 timing idealTree:#root Completed in 21789ms
64 silly placeDep node_modules/opencode-ai opencode-darwin-arm64@1.18.18 OK for: opencode-ai@1.18.18 want: 1.18.18
65 silly placeDep node_modules/opencode-ai opencode-darwin-x64@1.18.18 OK for: opencode-ai@1.18.18 want: 1.18.18
66 silly placeDep node_modules/opencode-ai opencode-darwin-x64-baseline@1.18.18 OK for: opencode-ai@1.18.18 want: 1.18.18
67 silly placeDep node_modules/opencode-ai opencode-linux-arm64@1.18.18 OK for: opencode-ai@1.18.18 want: 1.18.18
68 silly placeDep node_modules/opencode-ai opencode-linux-arm64-musl@1.18.18 OK for: opencode-ai@1.18.18 want: 1.18.18
69 silly placeDep node_modules/opencode-ai opencode-linux-x64@1.18.18 OK for: opencode-ai@1.18.18 want: 1.18.18
70 silly placeDep node_modules/opencode-ai opencode-linux-x64-baseline@1.18.18 OK for: opencode-ai@1.18.18 want: 1.18.18
71 silly placeDep node_modules/opencode-ai opencode-linux-x64-baseline-musl@1.18.18 OK for: opencode-ai@1.18.18 want: 1.18.18
72 silly placeDep node_modules/opencode-ai opencode-linux-x64-musl@1.18.18 OK for: opencode-ai@1.18.18 want: 1.18.18
73 silly placeDep node_modules/opencode-ai opencode-windows-arm64@1.18.18 OK for: opencode-ai@1.18.18 want: 1.18.18
74 silly placeDep node_modules/opencode-ai opencode-windows-x64@1.18.18 OK for: opencode-ai@1.18.18 want: 1.18.18
75 silly placeDep node_modules/opencode-ai opencode-windows-x64-baseline@1.18.18 OK for: opencode-ai@1.18.18 want: 1.18.18
76 timing idealTree:node_modules/opencode-ai Completed in 44ms
77 timing idealTree:node_modules/opencode-ai/node_modules/opencode-darwin-arm64 Completed in 0ms
78 timing idealTree:node_modules/opencode-ai/node_modules/opencode-darwin-x64 Completed in 0ms
79 timing idealTree:node_modules/opencode-ai/node_modules/opencode-darwin-x64-baseline Completed in 1ms
80 timing idealTree:node_modules/opencode-ai/node_modules/opencode-linux-arm64 Completed in 0ms
81 timing idealTree:node_modules/opencode-ai/node_modules/opencode-linux-arm64-musl Completed in 0ms
82 timing idealTree:node_modules/opencode-ai/node_modules/opencode-linux-x64 Completed in 0ms
83 timing idealTree:node_modules/opencode-ai/node_modules/opencode-linux-x64-baseline Completed in 0ms
84 timing idealTree:node_modules/opencode-ai/node_modules/opencode-linux-x64-baseline-musl Completed in 0ms
85 timing idealTree:node_modules/opencode-ai/node_modules/opencode-linux-x64-musl Completed in 0ms
86 timing idealTree:node_modules/opencode-ai/node_modules/opencode-windows-arm64 Completed in 0ms
87 timing idealTree:node_modules/opencode-ai/node_modules/opencode-windows-x64 Completed in 0ms
88 timing idealTree:node_modules/opencode-ai/node_modules/opencode-windows-x64-baseline Completed in 0ms
89 timing idealTree:buildDeps Completed in 21839ms
90 timing idealTree:fixDepFlags Completed in 2ms
91 timing idealTree Completed in 21867ms
92 timing reify:loadTrees Completed in 21873ms
93 timing reify:diffTrees Completed in 4ms
94 silly reify moves {}
95 timing reify:retireShallow Completed in 2ms
96 timing reify:createSparse Completed in 28ms
97 timing reify:loadBundles Completed in 0ms
98 verbose reify failed optional dependency /usr/local/lib/node_modules/opencode-ai/node_modules/opencode-windows-x64-baseline
99 silly reify mark deleted [
99 silly reify   '/usr/local/lib/node_modules/opencode-ai/node_modules/opencode-windows-x64-baseline'
99 silly reify ]
100 verbose reify failed optional dependency /usr/local/lib/node_modules/opencode-ai/node_modules/opencode-windows-x64
101 silly reify mark deleted [
101 silly reify   '/usr/local/lib/node_modules/opencode-ai/node_modules/opencode-windows-x64'
101 silly reify ]
102 verbose reify failed optional dependency /usr/local/lib/node_modules/opencode-ai/node_modules/opencode-windows-arm64
103 silly reify mark deleted [
103 silly reify   '/usr/local/lib/node_modules/opencode-ai/node_modules/opencode-windows-arm64'
103 silly reify ]
104 verbose reify failed optional dependency /usr/local/lib/node_modules/opencode-ai/node_modules/opencode-linux-x64-musl
105 silly reify mark deleted [
105 silly reify   '/usr/local/lib/node_modules/opencode-ai/node_modules/opencode-linux-x64-musl'
105 silly reify ]
106 verbose reify failed optional dependency /usr/local/lib/node_modules/opencode-ai/node_modules/opencode-linux-x64-baseline-musl
107 silly reify mark deleted [
107 silly reify   '/usr/local/lib/node_modules/opencode-ai/node_modules/opencode-linux-x64-baseline-musl'
107 silly reify ]
108 verbose reify failed optional dependency /usr/local/lib/node_modules/opencode-ai/node_modules/opencode-linux-x64-baseline
109 silly reify mark deleted [
109 silly reify   '/usr/local/lib/node_modules/opencode-ai/node_modules/opencode-linux-x64-baseline'
109 silly reify ]
110 verbose reify failed optional dependency /usr/local/lib/node_modules/opencode-ai/node_modules/opencode-linux-x64
111 silly reify mark deleted [
111 silly reify   '/usr/local/lib/node_modules/opencode-ai/node_modules/opencode-linux-x64'
111 silly reify ]
112 verbose reify failed optional dependency /usr/local/lib/node_modules/opencode-ai/node_modules/opencode-darwin-x64-baseline
113 silly reify mark deleted [
113 silly reify   '/usr/local/lib/node_modules/opencode-ai/node_modules/opencode-darwin-x64-baseline'
113 silly reify ]
114 verbose reify failed optional dependency /usr/local/lib/node_modules/opencode-ai/node_modules/opencode-darwin-x64
115 silly reify mark deleted [
115 silly reify   '/usr/local/lib/node_modules/opencode-ai/node_modules/opencode-darwin-x64'
115 silly reify ]
116 verbose reify failed optional dependency /usr/local/lib/node_modules/opencode-ai/node_modules/opencode-darwin-arm64
117 silly reify mark deleted [
117 silly reify   '/usr/local/lib/node_modules/opencode-ai/node_modules/opencode-darwin-arm64'
117 silly reify ]
118 timing reifyNode:node_modules/opencode-ai/node_modules/opencode-windows-x64-baseline Completed in 17ms
119 timing reifyNode:node_modules/opencode-ai/node_modules/opencode-windows-x64 Completed in 17ms
120 timing reifyNode:node_modules/opencode-ai/node_modules/opencode-windows-arm64 Completed in 17ms
121 timing reifyNode:node_modules/opencode-ai/node_modules/opencode-linux-x64-musl Completed in 16ms
122 timing reifyNode:node_modules/opencode-ai/node_modules/opencode-linux-x64-baseline-musl Completed in 16ms
123 timing reifyNode:node_modules/opencode-ai/node_modules/opencode-linux-x64-baseline Completed in 16ms
124 timing reifyNode:node_modules/opencode-ai/node_modules/opencode-linux-x64 Completed in 16ms
125 timing reifyNode:node_modules/opencode-ai/node_modules/opencode-darwin-x64-baseline Completed in 15ms
126 timing reifyNode:node_modules/opencode-ai/node_modules/opencode-darwin-x64 Completed in 15ms
127 timing reifyNode:node_modules/opencode-ai/node_modules/opencode-darwin-arm64 Completed in 15ms
128 silly tarball no local data for opencode-linux-arm64-musl@https://registry.npmjs.org/opencode-linux-arm64-musl/-/opencode-linux-arm64-musl-1.18.18.tgz. Extracting by manifest.
129 silly tarball no local data for opencode-ai@https://registry.npmjs.org/opencode-ai/-/opencode-ai-1.18.18.tgz. Extracting by manifest.
130 silly tarball no local data for opencode-linux-arm64@https://registry.npmjs.org/opencode-linux-arm64/-/opencode-linux-arm64-1.18.18.tgz. Extracting by manifest.
131 http fetch GET 200 https://registry.npmjs.org/opencode-ai/-/opencode-ai-1.18.18.tgz 196ms (cache miss)
132 timing reifyNode:node_modules/opencode-ai Completed in 236ms
133 http fetch GET 200 https://registry.npmjs.org/opencode-linux-arm64/-/opencode-linux-arm64-1.18.18.tgz 105125ms (cache miss)
134 timing reifyNode:node_modules/opencode-ai/node_modules/opencode-linux-arm64 Completed in 105170ms
135 http fetch GET 200 https://registry.npmjs.org/opencode-linux-arm64-musl/-/opencode-linux-arm64-musl-1.18.18.tgz 130977ms (cache miss)
136 timing reifyNode:node_modules/opencode-ai/node_modules/opencode-linux-arm64-musl Completed in 131013ms
137 timing reify:unpack Completed in 131020ms
138 timing reify:unretire Completed in 4ms
139 timing build:queue Completed in 60ms
140 timing build:link:node_modules/opencode-ai Completed in 21ms
141 timing build:link Completed in 21ms
142 info run opencode-ai@1.18.18 postinstall node_modules/opencode-ai node ./postinstall.mjs
143 info run opencode-ai@1.18.18 postinstall { code: 0, signal: null }
144 timing build:run:postinstall:node_modules/opencode-ai Completed in 4031ms
145 timing build:run:postinstall Completed in 4033ms
146 timing build:deps Completed in 4116ms
147 timing build Completed in 4117ms
148 timing reify:build Completed in 4119ms
149 timing reify:trash Completed in 42ms
150 timing reify Completed in 157125ms
151 silly ADD node_modules/opencode-ai
152 silly ADD
153 silly ADD
154 silly ADD
155 silly ADD
156 silly ADD
157 silly ADD
158 silly ADD
159 silly ADD node_modules/opencode-ai/node_modules/opencode-linux-arm64-musl
160 silly ADD node_modules/opencode-ai/node_modules/opencode-linux-arm64
161 silly ADD
162 silly ADD
163 silly ADD
164 timing command:install Completed in 157142ms
165 verbose exit 0
166 timing npm Completed in 157449ms
167 info ok
