0 verbose cli /usr/bin/node /usr/bin/npm
1 info using npm@9.2.0
2 info using node@v22.22.1
3 timing npm:load:whichnode Completed in 4ms
4 timing config:load:defaults Completed in 5ms
5 timing config:load:file:/usr/share/nodejs/npm/npmrc Completed in 55ms
6 timing config:load:builtin Completed in 55ms
7 timing config:load:cli Completed in 6ms
8 timing config:load:env Completed in 2ms
9 timing config:load:project Completed in 22ms
10 timing config:load:file:/root/.npmrc Completed in 2ms
11 timing config:load:user Completed in 3ms
12 timing config:load:file:/etc/npmrc Completed in 2ms
13 timing config:load:global Completed in 3ms
14 timing config:load:setEnvs Completed in 6ms
15 timing config:load Completed in 111ms
16 timing npm:load:configload Completed in 113ms
17 timing npm:load:mkdirpcache Completed in 2ms
18 timing npm:load:mkdirplogs Completed in 4ms
19 verbose title npm view opencode-ai version
20 verbose argv "view" "opencode-ai" "version"
21 timing npm:load:setTitle Completed in 12ms
22 timing config:load:flatten Completed in 20ms
23 timing npm:load:display Completed in 24ms
24 verbose logfile logs-max:10 dir:/root/.npm/_logs/2026-08-17T15_09_39_270Z-
25 verbose logfile /root/.npm/_logs/2026-08-17T15_09_39_270Z-debug-0.log
26 timing npm:load:logFile Completed in 65ms
27 timing npm:load:timers Completed in 1ms
28 timing npm:load:configScope Completed in 1ms
29 timing npm:load Completed in 231ms
30 silly logfile done cleaning log files
31 http fetch GET 200 https://registry.npmjs.org/opencode-ai 10840ms (cache miss)
32 timing command:view Completed in 11980ms
33 verbose exit 0
34 timing npm Completed in 12506ms
35 info ok
