0 verbose cli /usr/bin/node /usr/bin/npm
1 info using npm@9.2.0
2 info using node@v22.22.1
3 timing npm:load:whichnode Completed in 2ms
4 timing config:load:defaults Completed in 4ms
5 timing config:load:file:/usr/share/nodejs/npm/npmrc Completed in 12ms
6 timing config:load:builtin Completed in 13ms
7 timing config:load:cli Completed in 6ms
8 timing config:load:env Completed in 2ms
9 timing config:load:project Completed in 15ms
10 timing config:load:file:/root/.npmrc Completed in 1ms
11 timing config:load:user Completed in 1ms
12 timing config:load:file:/etc/npmrc Completed in 1ms
13 timing config:load:global Completed in 2ms
14 timing config:load:setEnvs Completed in 2ms
15 timing config:load Completed in 45ms
16 timing npm:load:configload Completed in 45ms
17 timing npm:load:mkdirpcache Completed in 3ms
18 timing npm:load:mkdirplogs Completed in 2ms
19 verbose title npm install opencode-ai@1.18.20
20 verbose argv "install" "--global" "opencode-ai@1.18.20"
21 timing npm:load:setTitle Completed in 2ms
22 timing config:load:flatten Completed in 8ms
23 timing npm:load:display Completed in 10ms
24 verbose logfile logs-max:10 dir:/root/.npm/_logs/2026-08-21T13_26_24_362Z-
25 verbose logfile /root/.npm/_logs/2026-08-21T13_26_24_362Z-debug-0.log
26 timing npm:load:logFile Completed in 19ms
27 timing npm:load:timers Completed in 0ms
28 timing npm:load:configScope Completed in 0ms
29 timing npm:load Completed in 85ms
30 timing config:load:flatten Completed in 1ms
31 timing arborist:ctor Completed in 2ms
32 silly logfile done cleaning log files
33 timing idealTree:init Completed in 15ms
34 timing idealTree:userRequests Completed in 8ms
35 silly idealTree buildDeps
36 silly fetch manifest opencode-ai@1.18.20
37 http fetch GET 200 https://registry.npmjs.org/opencode-ai 6353ms (cache updated)
38 silly placeDep ROOT opencode-ai@1.18.20 OK for:  want: 1.18.20
39 silly fetch manifest opencode-linux-x64@1.18.20
40 silly fetch manifest opencode-darwin-x64@1.18.20
41 silly fetch manifest opencode-linux-arm64@1.18.20
42 silly fetch manifest opencode-windows-x64@1.18.20
43 silly fetch manifest opencode-darwin-arm64@1.18.20
44 silly fetch manifest opencode-windows-arm64@1.18.20
45 silly fetch manifest opencode-linux-x64-musl@1.18.20
46 silly fetch manifest opencode-linux-arm64-musl@1.18.20
47 silly fetch manifest opencode-linux-x64-baseline@1.18.20
48 silly fetch manifest opencode-darwin-x64-baseline@1.18.20
49 silly fetch manifest opencode-windows-x64-baseline@1.18.20
50 silly fetch manifest opencode-linux-x64-baseline-musl@1.18.20
51 http fetch GET 200 https://registry.npmjs.org/opencode-linux-arm64 11121ms (cache updated)
52 http fetch GET 200 https://registry.npmjs.org/opencode-darwin-x64-baseline 19237ms (cache updated)
53 http fetch GET 200 https://registry.npmjs.org/opencode-linux-x64-musl 21894ms (cache updated)
54 http fetch GET 200 https://registry.npmjs.org/opencode-windows-x64 22543ms (cache updated)
55 http fetch GET 200 https://registry.npmjs.org/opencode-darwin-x64 23409ms (cache updated)
56 http fetch GET 200 https://registry.npmjs.org/opencode-windows-arm64 24183ms (cache updated)
57 http fetch GET 200 https://registry.npmjs.org/opencode-linux-x64-baseline 24637ms (cache updated)
58 http fetch GET 200 https://registry.npmjs.org/opencode-linux-x64-baseline-musl 26087ms (cache updated)
59 http fetch GET 200 https://registry.npmjs.org/opencode-windows-x64-baseline 28673ms (cache updated)
60 http fetch GET 200 https://registry.npmjs.org/opencode-linux-arm64-musl 28814ms (cache updated)
61 http fetch GET 200 https://registry.npmjs.org/opencode-linux-x64 29746ms (cache updated)
62 http fetch GET 200 https://registry.npmjs.org/opencode-darwin-arm64 30666ms (cache updated)
63 timing idealTree:#root Completed in 37312ms
64 silly placeDep node_modules/opencode-ai opencode-darwin-arm64@1.18.20 OK for: opencode-ai@1.18.20 want: 1.18.20
65 silly placeDep node_modules/opencode-ai opencode-darwin-x64@1.18.20 OK for: opencode-ai@1.18.20 want: 1.18.20
66 silly placeDep node_modules/opencode-ai opencode-darwin-x64-baseline@1.18.20 OK for: opencode-ai@1.18.20 want: 1.18.20
67 silly placeDep node_modules/opencode-ai opencode-linux-arm64@1.18.20 OK for: opencode-ai@1.18.20 want: 1.18.20
68 silly placeDep node_modules/opencode-ai opencode-linux-arm64-musl@1.18.20 OK for: opencode-ai@1.18.20 want: 1.18.20
69 silly placeDep node_modules/opencode-ai opencode-linux-x64@1.18.20 OK for: opencode-ai@1.18.20 want: 1.18.20
70 silly placeDep node_modules/opencode-ai opencode-linux-x64-baseline@1.18.20 OK for: opencode-ai@1.18.20 want: 1.18.20
71 silly placeDep node_modules/opencode-ai opencode-linux-x64-baseline-musl@1.18.20 OK for: opencode-ai@1.18.20 want: 1.18.20
72 silly placeDep node_modules/opencode-ai opencode-linux-x64-musl@1.18.20 OK for: opencode-ai@1.18.20 want: 1.18.20
73 silly placeDep node_modules/opencode-ai opencode-windows-arm64@1.18.20 OK for: opencode-ai@1.18.20 want: 1.18.20
74 silly placeDep node_modules/opencode-ai opencode-windows-x64@1.18.20 OK for: opencode-ai@1.18.20 want: 1.18.20
75 silly placeDep node_modules/opencode-ai opencode-windows-x64-baseline@1.18.20 OK for: opencode-ai@1.18.20 want: 1.18.20
76 timing idealTree:node_modules/opencode-ai Completed in 44ms
77 timing idealTree:node_modules/opencode-ai/node_modules/opencode-darwin-arm64 Completed in 0ms
78 timing idealTree:node_modules/opencode-ai/node_modules/opencode-darwin-x64 Completed in 0ms
79 timing idealTree:node_modules/opencode-ai/node_modules/opencode-darwin-x64-baseline Completed in 0ms
80 timing idealTree:node_modules/opencode-ai/node_modules/opencode-linux-arm64 Completed in 0ms
81 timing idealTree:node_modules/opencode-ai/node_modules/opencode-linux-arm64-musl Completed in 0ms
82 timing idealTree:node_modules/opencode-ai/node_modules/opencode-linux-x64 Completed in 0ms
83 timing idealTree:node_modules/opencode-ai/node_modules/opencode-linux-x64-baseline Completed in 0ms
84 timing idealTree:node_modules/opencode-ai/node_modules/opencode-linux-x64-baseline-musl Completed in 0ms
85 timing idealTree:node_modules/opencode-ai/node_modules/opencode-linux-x64-musl Completed in 0ms
86 timing idealTree:node_modules/opencode-ai/node_modules/opencode-windows-arm64 Completed in 0ms
87 timing idealTree:node_modules/opencode-ai/node_modules/opencode-windows-x64 Completed in 0ms
88 timing idealTree:node_modules/opencode-ai/node_modules/opencode-windows-x64-baseline Completed in 0ms
89 timing idealTree:buildDeps Completed in 37362ms
90 timing idealTree:fixDepFlags Completed in 3ms
91 timing idealTree Completed in 37391ms
92 timing reify:loadTrees Completed in 37432ms
93 timing reify:diffTrees Completed in 6ms
94 silly reify mark retired [
94 silly reify   '/usr/local/lib/node_modules/opencode-ai',
94 silly reify   '/usr/local/bin/opencode'
94 silly reify ]
95 silly reify moves {
95 silly reify   '/usr/local/lib/node_modules/opencode-ai': '/usr/local/lib/node_modules/.opencode-ai-17abZ4ET',
95 silly reify   '/usr/local/bin/opencode': '/usr/local/bin/.opencode-8qOgnMKv'
95 silly reify }
96 timing reify:retireShallow Completed in 15ms
97 timing reify:createSparse Completed in 27ms
98 timing reify:loadBundles Completed in 0ms
99 verbose reify failed optional dependency /usr/local/lib/node_modules/opencode-ai/node_modules/opencode-windows-x64-baseline
100 silly reify mark deleted [
100 silly reify   '/usr/local/lib/node_modules/opencode-ai/node_modules/opencode-windows-x64-baseline'
100 silly reify ]
101 verbose reify failed optional dependency /usr/local/lib/node_modules/opencode-ai/node_modules/opencode-windows-x64
102 silly reify mark deleted [
102 silly reify   '/usr/local/lib/node_modules/opencode-ai/node_modules/opencode-windows-x64'
102 silly reify ]
103 verbose reify failed optional dependency /usr/local/lib/node_modules/opencode-ai/node_modules/opencode-windows-arm64
104 silly reify mark deleted [
104 silly reify   '/usr/local/lib/node_modules/opencode-ai/node_modules/opencode-windows-arm64'
104 silly reify ]
105 verbose reify failed optional dependency /usr/local/lib/node_modules/opencode-ai/node_modules/opencode-linux-x64-musl
106 silly reify mark deleted [
106 silly reify   '/usr/local/lib/node_modules/opencode-ai/node_modules/opencode-linux-x64-musl'
106 silly reify ]
107 verbose reify failed optional dependency /usr/local/lib/node_modules/opencode-ai/node_modules/opencode-linux-x64-baseline-musl
108 silly reify mark deleted [
108 silly reify   '/usr/local/lib/node_modules/opencode-ai/node_modules/opencode-linux-x64-baseline-musl'
108 silly reify ]
109 verbose reify failed optional dependency /usr/local/lib/node_modules/opencode-ai/node_modules/opencode-linux-x64-baseline
110 silly reify mark deleted [
110 silly reify   '/usr/local/lib/node_modules/opencode-ai/node_modules/opencode-linux-x64-baseline'
110 silly reify ]
111 verbose reify failed optional dependency /usr/local/lib/node_modules/opencode-ai/node_modules/opencode-linux-x64
112 silly reify mark deleted [
112 silly reify   '/usr/local/lib/node_modules/opencode-ai/node_modules/opencode-linux-x64'
112 silly reify ]
113 verbose reify failed optional dependency /usr/local/lib/node_modules/opencode-ai/node_modules/opencode-darwin-x64-baseline
114 silly reify mark deleted [
114 silly reify   '/usr/local/lib/node_modules/opencode-ai/node_modules/opencode-darwin-x64-baseline'
114 silly reify ]
115 verbose reify failed optional dependency /usr/local/lib/node_modules/opencode-ai/node_modules/opencode-darwin-x64
116 silly reify mark deleted [
116 silly reify   '/usr/local/lib/node_modules/opencode-ai/node_modules/opencode-darwin-x64'
116 silly reify ]
117 verbose reify failed optional dependency /usr/local/lib/node_modules/opencode-ai/node_modules/opencode-darwin-arm64
118 silly reify mark deleted [
118 silly reify   '/usr/local/lib/node_modules/opencode-ai/node_modules/opencode-darwin-arm64'
118 silly reify ]
119 timing reifyNode:node_modules/opencode-ai/node_modules/opencode-windows-x64-baseline Completed in 14ms
120 timing reifyNode:node_modules/opencode-ai/node_modules/opencode-windows-x64 Completed in 15ms
121 timing reifyNode:node_modules/opencode-ai/node_modules/opencode-windows-arm64 Completed in 15ms
122 timing reifyNode:node_modules/opencode-ai/node_modules/opencode-linux-x64-musl Completed in 14ms
123 timing reifyNode:node_modules/opencode-ai/node_modules/opencode-linux-x64-baseline-musl Completed in 14ms
124 timing reifyNode:node_modules/opencode-ai/node_modules/opencode-linux-x64-baseline Completed in 14ms
125 timing reifyNode:node_modules/opencode-ai/node_modules/opencode-linux-x64 Completed in 14ms
126 timing reifyNode:node_modules/opencode-ai/node_modules/opencode-darwin-x64-baseline Completed in 14ms
127 timing reifyNode:node_modules/opencode-ai/node_modules/opencode-darwin-x64 Completed in 13ms
128 timing reifyNode:node_modules/opencode-ai/node_modules/opencode-darwin-arm64 Completed in 13ms
129 silly tarball no local data for opencode-ai@https://registry.npmjs.org/opencode-ai/-/opencode-ai-1.18.20.tgz. Extracting by manifest.
130 silly tarball no local data for opencode-linux-arm64-musl@https://registry.npmjs.org/opencode-linux-arm64-musl/-/opencode-linux-arm64-musl-1.18.20.tgz. Extracting by manifest.
131 silly tarball no local data for opencode-linux-arm64@https://registry.npmjs.org/opencode-linux-arm64/-/opencode-linux-arm64-1.18.20.tgz. Extracting by manifest.
132 http fetch GET 200 https://registry.npmjs.org/opencode-ai/-/opencode-ai-1.18.20.tgz 310ms (cache miss)
133 timing reifyNode:node_modules/opencode-ai Completed in 345ms
134 http fetch GET 200 https://registry.npmjs.org/opencode-linux-arm64-musl/-/opencode-linux-arm64-musl-1.18.20.tgz 165410ms (cache miss)
135 timing reifyNode:node_modules/opencode-ai/node_modules/opencode-linux-arm64-musl Completed in 165450ms
136 http fetch GET 200 https://registry.npmjs.org/opencode-linux-arm64/-/opencode-linux-arm64-1.18.20.tgz 171621ms (cache miss)
137 timing reifyNode:node_modules/opencode-ai/node_modules/opencode-linux-arm64 Completed in 171657ms
138 timing reify:unpack Completed in 171661ms
139 timing reify:unretire Completed in 6ms
140 timing build:queue Completed in 62ms
141 timing build:link:node_modules/opencode-ai Completed in 49ms
142 timing build:link Completed in 51ms
143 info run opencode-ai@1.18.20 postinstall node_modules/opencode-ai node ./postinstall.mjs
